// Jest Snapshot v1, https://goo.gl/fbAQLP

exports[`<ToolsModal  /> should match snapshot 1`] = `<div />`;
