// Jest Snapshot v1, https://goo.gl/fbAQLP

exports[`<AuthModal  /> should match snapshot 1`] = `<div />`;
